Traceback (most recent call last):
  File "<string>", line 1, in <module>
    from multiprocessing.spawn import spawn_main; spawn_main(parent_pid=50584, pipe_handle=468)
                                                  ~~~~~~~~~~^^^^^^^^^^^^^^^^^^^^^^^^^^^^^^^^^^^
  File "C:\Users\ahmad\AppData\Local\Programs\Python\Python314\Lib\multiprocessing\spawn.py", line 122, in spawn_main
    exitcode = _main(fd, parent_sentinel)
  File "C:\Users\ahmad\AppData\Local\Programs\Python\Python314\Lib\multiprocessing\spawn.py", line 131, in _main
    prepare(preparation_data)
    ~~~~~~~^^^^^^^^^^^^^^^^^^
  File "C:\Users\ahmad\AppData\Local\Programs\Python\Python314\Lib\multiprocessing\spawn.py", line 246, in prepare
    _fixup_main_from_path(data['init_main_from_path'])
    ~~~~~~~~~~~~~~~~~~~~~^^^^^^^^^^^^^^^^^^^^^^^^^^^^^
  File "C:\Users\ahmad\AppData\Local\Programs\Python\Python314\Lib\multiprocessing\spawn.py", line 297, in _fixup_main_from_path
    main_content = runpy.run_path(main_path,
                                  run_name="__mp_main__")
  File "<frozen runpy>", line 294, in run_path
  File "<frozen runpy>", line 98, in _run_module_code
  File "<frozen runpy>", line 88, in _run_code
  File "D:\AI\Github\local-ai-chat-studio\graphify-out\run_ast.py", line 11, in <module>
    result = extract(code_files, cache_root=Path(".")) if code_files else {
             ~~~~~~~^^^^^^^^^^^^^^^^^^^^^^^^^^^^^^^^^^
Traceback (most recent call last):
  File "C:\Users\ahmad\AppData\Local\Programs\Python\Python314\Lib\site-packages\graphify\extract.py", line 4373, in extract
    ran_parallel = _extract_parallel(
        uncached_work, per_file, root, max_workers, total, cache_location
    )
  File "C:\Users\ahmad\AppData\Local\Programs\Python\Python314\Lib\site-packages\graphify\extract.py", line 4203, in _extract_parallel
    pool.submit(_extract_single_file, item): pos
    ~~~~~~~~~~~^^^^^^^^^^^^^^^^^^^^^^^^^^^^
  File "C:\Users\ahmad\AppData\Local\Programs\Python\Python314\Lib\concurrent\futures\process.py", line 914, in submit
    self._adjust_process_count()
    ~~~~~~~~~~~~~~~~~~~~~~~~~~^^
  File "C:\Users\ahmad\AppData\Local\Programs\Python\Python314\Lib\concurrent\futures\process.py", line 878, in _adjust_process_count
    self._spawn_process()
    ~~~~~~~~~~~~~~~~~~~^^
  File "C:\Users\ahmad\AppData\Local\Programs\Python\Python314\Lib\concurrent\futures\process.py", line 889, in _spawn_process
    _spawn_worker(self._mp_context, self._call_queue,
    ~~~~~~~~~~~~~^^^^^^^^^^^^^^^^^^^^^^^^^^^^^^^^^^^^
                  self._result_queue, self._initializer,
                  ^^^^^^^^^^^^^^^^^^^^^^^^^^^^^^^^^^^^^^
                  self._initargs, self._max_tasks_per_child,
                  ^^^^^^^^^^^^^^^^^^^^^^^^^^^^^^^^^^^^^^^^^^
                  self._processes)
                  ^^^^^^^^^^^^^^^^
  File "C:\Users\ahmad\AppData\Local\Programs\Python\Python314\Lib\concurrent\futures\process.py", line 282, in _spawn_worker
    p.start()
    ~~~~~~~^^
  File "C:\Users\ahmad\AppData\Local\Programs\Python\Python314\Lib\multiprocessing\process.py", line 121, in start
    self._popen = self._Popen(self)
                  ~~~~~~~~~~~^^^^^^
  File "<string>", line 1, in <module>
    from multiprocessing.spawn import spawn_main; spawn_main(parent_pid=50584, pipe_handle=512)
                                                  ~~~~~~~~~~^^^^^^^^^^^^^^^^^^^^^^^^^^^^^^^^^^^
  File "C:\Users\ahmad\AppData\Local\Programs\Python\Python314\Lib\multiprocessing\context.py", line 343, in _Popen
    return Popen(process_obj)
  File "C:\Users\ahmad\AppData\Local\Programs\Python\Python314\Lib\multiprocessing\popen_spawn_win32.py", line 47, in __init__
    prep_data = spawn.get_preparation_data(process_obj._name)
  File "C:\Users\ahmad\AppData\Local\Programs\Python\Python314\Lib\multiprocessing\spawn.py", line 122, in spawn_main
    exitcode = _main(fd, parent_sentinel)
  File "C:\Users\ahmad\AppData\Local\Programs\Python\Python314\Lib\multiprocessing\spawn.py", line 164, in get_preparation_data
    _check_not_importing_main()
    ~~~~~~~~~~~~~~~~~~~~~~~~~^^
  File "C:\Users\ahmad\AppData\Local\Programs\Python\Python314\Lib\multiprocessing\spawn.py", line 131, in _main
    prepare(preparation_data)
    ~~~~~~~^^^^^^^^^^^^^^^^^^
  File "C:\Users\ahmad\AppData\Local\Programs\Python\Python314\Lib\multiprocessing\spawn.py", line 140, in _check_not_importing_main
    raise RuntimeError('''
    ...<16 lines>...
    ''')
  File "C:\Users\ahmad\AppData\Local\Programs\Python\Python314\Lib\multiprocessing\spawn.py", line 246, in prepare
    _fixup_main_from_path(data['init_main_from_path'])
    ~~~~~~~~~~~~~~~~~~~~~^^^^^^^^^^^^^^^^^^^^^^^^^^^^^
RuntimeError: 
        An attempt has been made to start a new process before the
        current process has finished its bootstrapping phase.

        This probably means that you are not using fork to start your
        child processes and you have forgotten to use the proper idiom
        in the main module:

            if __name__ == '__main__':
                freeze_support()
                ...

        The "freeze_support()" line can be omitted if the program
        is not going to be frozen to produce an executable.

        To fix this issue, refer to the "Safe importing of main module"
        section in https://docs.python.org/3/library/multiprocessing.html
        
  File "C:\Users\ahmad\AppData\Local\Programs\Python\Python314\Lib\multiprocessing\spawn.py", line 297, in _fixup_main_from_path
    main_content = runpy.run_path(main_path,
                                  run_name="__mp_main__")
  File "<frozen runpy>", line 294, in run_path
  File "<frozen runpy>", line 98, in _run_module_code
  File "<frozen runpy>", line 88, in _run_code
  File "D:\AI\Github\local-ai-chat-studio\graphify-out\run_ast.py", line 11, in <module>
    result = extract(code_files, cache_root=Path(".")) if code_files else {
             ~~~~~~~^^^^^^^^^^^^^^^^^^^^^^^^^^^^^^^^^^
  File "C:\Users\ahmad\AppData\Local\Programs\Python\Python314\Lib\site-packages\graphify\extract.py", line 4373, in extract
    ran_parallel = _extract_parallel(
        uncached_work, per_file, root, max_workers, total, cache_location
    )
  File "C:\Users\ahmad\AppData\Local\Programs\Python\Python314\Lib\site-packages\graphify\extract.py", line 4203, in _extract_parallel
    pool.submit(_extract_single_file, item): pos
    ~~~~~~~~~~~^^^^^^^^^^^^^^^^^^^^^^^^^^^^
  File "C:\Users\ahmad\AppData\Local\Programs\Python\Python314\Lib\concurrent\futures\process.py", line 914, in submit
    self._adjust_process_count()
    ~~~~~~~~~~~~~~~~~~~~~~~~~~^^
  File "C:\Users\ahmad\AppData\Local\Programs\Python\Python314\Lib\concurrent\futures\process.py", line 878, in _adjust_process_count
    self._spawn_process()
    ~~~~~~~~~~~~~~~~~~~^^
  File "C:\Users\ahmad\AppData\Local\Programs\Python\Python314\Lib\concurrent\futures\process.py", line 889, in _spawn_process
    _spawn_worker(self._mp_context, self._call_queue,
    ~~~~~~~~~~~~~^^^^^^^^^^^^^^^^^^^^^^^^^^^^^^^^^^^^
                  self._result_queue, self._initializer,
                  ^^^^^^^^^^^^^^^^^^^^^^^^^^^^^^^^^^^^^^
                  self._initargs, self._max_tasks_per_child,
                  ^^^^^^^^^^^^^^^^^^^^^^^^^^^^^^^^^^^^^^^^^^
                  self._processes)
                  ^^^^^^^^^^^^^^^^
  File "C:\Users\ahmad\AppData\Local\Programs\Python\Python314\Lib\concurrent\futures\process.py", line 282, in _spawn_worker
    p.start()
    ~~~~~~~^^
  File "C:\Users\ahmad\AppData\Local\Programs\Python\Python314\Lib\multiprocessing\process.py", line 121, in start
    self._popen = self._Popen(self)
                  ~~~~~~~~~~~^^^^^^
  File "C:\Users\ahmad\AppData\Local\Programs\Python\Python314\Lib\multiprocessing\context.py", line 343, in _Popen
    return Popen(process_obj)
  File "C:\Users\ahmad\AppData\Local\Programs\Python\Python314\Lib\multiprocessing\popen_spawn_win32.py", line 47, in __init__
    prep_data = spawn.get_preparation_data(process_obj._name)
  File "C:\Users\ahmad\AppData\Local\Programs\Python\Python314\Lib\multiprocessing\spawn.py", line 164, in get_preparation_data
    _check_not_importing_main()
    ~~~~~~~~~~~~~~~~~~~~~~~~~^^
  File "C:\Users\ahmad\AppData\Local\Programs\Python\Python314\Lib\multiprocessing\spawn.py", line 140, in _check_not_importing_main
    raise RuntimeError('''
    ...<16 lines>...
    ''')
RuntimeError: 
        An attempt has been made to start a new process before the
        current process has finished its bootstrapping phase.

        This probably means that you are not using fork to start your
        child processes and you have forgotten to use the proper idiom
        in the main module:

            if __name__ == '__main__':
                freeze_support()
                ...

        The "freeze_support()" line can be omitted if the program
        is not going to be frozen to produce an executable.

        To fix this issue, refer to the "Safe importing of main module"
        section in https://docs.python.org/3/library/multiprocessing.html
        
  warning: worker failed for D:\AI\Github\local-ai-chat-studio\backend\app\contracts.py: A process in the process pool was terminated abruptly while the future was running or pending.
  warning: worker failed for D:\AI\Github\local-ai-chat-studio\backend\app\main.py: A process in the process pool was terminated abruptly while the future was running or pending.
  warning: worker failed for D:\AI\Github\local-ai-chat-studio\backend\app\memory.py: A process in the process pool was terminated abruptly while the future was running or pending.
  warning: worker failed for D:\AI\Github\local-ai-chat-studio\backend\app\providers.py: A process in the process pool was terminated abruptly while the future was running or pending.
  warning: worker failed for D:\AI\Github\local-ai-chat-studio\backend\app\sessions.py: A process in the process pool was terminated abruptly while the future was running or pending.
  warning: worker failed for D:\AI\Github\local-ai-chat-studio\backend\app\store.py: A process in the process pool was terminated abruptly while the future was running or pending.
  warning: worker failed for D:\AI\Github\local-ai-chat-studio\backend\app\workspace.py: A process in the process pool was terminated abruptly while the future was running or pending.
  warning: worker failed for D:\AI\Github\local-ai-chat-studio\frontend\src\App.test.tsx: A process in the process pool was terminated abruptly while the future was running or pending.
  warning: worker failed for D:\AI\Github\local-ai-chat-studio\frontend\src\App.tsx: A process in the process pool was terminated abruptly while the future was running or pending.
  warning: worker failed for D:\AI\Github\local-ai-chat-studio\frontend\src\ErrorBoundary.tsx: A process in the process pool was terminated abruptly while the future was running or pending.
  warning: worker failed for D:\AI\Github\local-ai-chat-studio\frontend\src\api\client.ts: A process in the process pool was terminated abruptly while the future was running or pending.
  warning: worker failed for D:\AI\Github\local-ai-chat-studio\frontend\src\api\schema.ts: A process in the process pool was terminated abruptly while the future was running or pending.
  warning: worker failed for D:\AI\Github\local-ai-chat-studio\frontend\src\components\ui\badge.tsx: A process in the process pool was terminated abruptly while the future was running or pending.
  warning: worker failed for D:\AI\Github\local-ai-chat-studio\frontend\src\components\ui\button.tsx: A process in the process pool was terminated abruptly while the future was running or pending.
  warning: worker failed for D:\AI\Github\local-ai-chat-studio\frontend\src\components\ui\card.tsx: A process in the process pool was terminated abruptly while the future was running or pending.
  warning: worker failed for D:\AI\Github\local-ai-chat-studio\frontend\src\components\ui\input.tsx: A process in the process pool was terminated abruptly while the future was running or pending.
  warning: worker failed for D:\AI\Github\local-ai-chat-studio\frontend\src\components\ui\scroll-area.tsx: A process in the process pool was terminated abruptly while the future was running or pending.
  warning: worker failed for D:\AI\Github\local-ai-chat-studio\frontend\src\components\ui\separator.tsx: A process in the process pool was terminated abruptly while the future was running or pending.
  warning: worker failed for D:\AI\Github\local-ai-chat-studio\frontend\src\components\ui\textarea.tsx: A process in the process pool was terminated abruptly while the future was running or pending.
  warning: worker failed for D:\AI\Github\local-ai-chat-studio\frontend\src\components\ui\tooltip.tsx: A process in the process pool was terminated abruptly while the future was running or pending.
  warning: worker failed for D:\AI\Github\local-ai-chat-studio\frontend\src\lib\utils.ts: A process in the process pool was terminated abruptly while the future was running or pending.
  warning: worker failed for D:\AI\Github\local-ai-chat-studio\frontend\src\main.tsx: A process in the process pool was terminated abruptly while the future was running or pending.
  warning: worker failed for D:\AI\Github\local-ai-chat-studio\frontend\src\test\setup.ts: A process in the process pool was terminated abruptly while the future was running or pending.
  warning: worker failed for D:\AI\Github\local-ai-chat-studio\frontend\vite.config.ts: A process in the process pool was terminated abruptly while the future was running or pending.
  warning: worker failed for D:\AI\Github\local-ai-chat-studio\frontend\vitest.config.ts: A process in the process pool was terminated abruptly while the future was running or pending.
  warning: worker failed for D:\AI\Github\local-ai-chat-studio\src\files.py: A process in the process pool was terminated abruptly while the future was running or pending.
  warning: worker failed for D:\AI\Github\local-ai-chat-studio\tests\test_api_contract.py: A process in the process pool was terminated abruptly while the future was running or pending.
  warning: worker failed for D:\AI\Github\local-ai-chat-studio\tests\test_provider_adapters.py: A process in the process pool was terminated abruptly while the future was running or pending.
  warning: worker failed for D:\AI\Github\local-ai-chat-studio\tests\test_workspace_features.py: A process in the process pool was terminated abruptly while the future was running or pending.
  warning: 29 source file(s) produced zero nodes and are absent from the graph: contracts.py, main.py, memory.py, providers.py, sessions.py (+24 more). A re-run will retry them (empties are no longer cached); if it persists, please report the file(s) (#1666).
